------------------------------------------------------------
Timing Analyzer Summary
------------------------------------------------------------

Type  : Slow 1100mV 85C Model Setup 'clk'
Slack : -9.250
TNS   : -1981.518

Type  : Slow 1100mV 85C Model Hold 'clk'
Slack : 0.387
TNS   : 0.000

Type  : Slow 1100mV 85C Model Minimum Pulse Width 'clk'
Slack : -0.536
TNS   : -254.426

Type  : Slow 1100mV 0C Model Setup 'clk'
Slack : -9.257
TNS   : -1984.726

Type  : Slow 1100mV 0C Model Hold 'clk'
Slack : 0.387
TNS   : 0.000

Type  : Slow 1100mV 0C Model Minimum Pulse Width 'clk'
Slack : -0.505
TNS   : -246.666

Type  : Fast 1100mV 85C Model Setup 'clk'
Slack : -4.790
TNS   : -1002.455

Type  : Fast 1100mV 85C Model Hold 'clk'
Slack : 0.206
TNS   : 0.000

Type  : Fast 1100mV 85C Model Minimum Pulse Width 'clk'
Slack : -0.638
TNS   : -254.479

Type  : Fast 1100mV 0C Model Setup 'clk'
Slack : -4.309
TNS   : -897.710

Type  : Fast 1100mV 0C Model Hold 'clk'
Slack : 0.194
TNS   : 0.000

Type  : Fast 1100mV 0C Model Minimum Pulse Width 'clk'
Slack : -0.660
TNS   : -270.611

------------------------------------------------------------
